=== smoke 2026-09-07T21:21:28Z ===
groups: m3_other tourism_yearly
models: SeasonalNaive Theta AutoETS AutoARIMA LightGBM LSTM NBEATS ChronosBoltSmall ChronosBoltBase Chronos2 TimesFM TimesFM3 Moirai2 Sundial
torch 2.9.1 mps True

##### SeasonalNaive
[skip] SeasonalNaive__m3_other (already have results/smoke/metrics/SeasonalNaive__m3_other.csv)
[skip] SeasonalNaive__tourism_yearly (already have results/smoke/metrics/SeasonalNaive__tourism_yearly.csv)

##### Theta
[skip] Theta__m3_other (already have results/smoke/metrics/Theta__m3_other.csv)
[skip] Theta__tourism_yearly (already have results/smoke/metrics/Theta__tourism_yearly.csv)

##### AutoETS
[skip] AutoETS__m3_other (already have results/smoke/metrics/AutoETS__m3_other.csv)
[skip] AutoETS__tourism_yearly (already have results/smoke/metrics/AutoETS__tourism_yearly.csv)

##### AutoARIMA
[skip] AutoARIMA__m3_other (already have results/smoke/metrics/AutoARIMA__m3_other.csv)
[skip] AutoARIMA__tourism_yearly (already have results/smoke/metrics/AutoARIMA__tourism_yearly.csv)

##### LightGBM
[skip] LightGBM__m3_other (already have results/smoke/metrics/LightGBM__m3_other.csv)
[skip] LightGBM__tourism_yearly (already have results/smoke/metrics/LightGBM__tourism_yearly.csv)

##### LSTM
[skip] LSTM__m3_other (already have results/smoke/metrics/LSTM__m3_other.csv)
[skip] LSTM__tourism_yearly (already have results/smoke/metrics/LSTM__tourism_yearly.csv)

##### NBEATS
[skip] NBEATS__m3_other (already have results/smoke/metrics/NBEATS__m3_other.csv)
[skip] NBEATS__tourism_yearly (already have results/smoke/metrics/NBEATS__tourism_yearly.csv)

##### ChronosBoltSmall
[skip] ChronosBoltSmall__m3_other (already have results/smoke/metrics/ChronosBoltSmall__m3_other.csv)
[skip] ChronosBoltSmall__tourism_yearly (already have results/smoke/metrics/ChronosBoltSmall__tourism_yearly.csv)

##### ChronosBoltBase
[skip] ChronosBoltBase__m3_other (already have results/smoke/metrics/ChronosBoltBase__m3_other.csv)
[skip] ChronosBoltBase__tourism_yearly (already have results/smoke/metrics/ChronosBoltBase__tourism_yearly.csv)

##### Chronos2
[skip] Chronos2__m3_other (already have results/smoke/metrics/Chronos2__m3_other.csv)
[skip] Chronos2__tourism_yearly (already have results/smoke/metrics/Chronos2__tourism_yearly.csv)

##### TimesFM
[skip] TimesFM__m3_other (already have results/smoke/metrics/TimesFM__m3_other.csv)
[skip] TimesFM__tourism_yearly (already have results/smoke/metrics/TimesFM__tourism_yearly.csv)

##### TimesFM3
[skip] TimesFM3__m3_other (already have results/smoke/metrics/TimesFM3__m3_other.csv)
[skip] TimesFM3__tourism_yearly (already have results/smoke/metrics/TimesFM3__tourism_yearly.csv)

##### Moirai2
[skip] Moirai2__m3_other (already have results/smoke/metrics/Moirai2__m3_other.csv)
[skip] Moirai2__tourism_yearly (already have results/smoke/metrics/Moirai2__tourism_yearly.csv)

##### Sundial
[run ] Sundial__m3_other ...
  FAILED Sundial__m3_other: AttributeError: 'DynamicCache' object has no attribute 'get_max_length'
Traceback (most recent call last):
  File "/Users/mahdinaser/workspace/tsfm-bench/run.py", line 93, in main
    fc = model.run(data.train, group.horizon, group.seasonality)
         ^^^^^^^^^^^^^^^^^^^^^^^^^^^^^^^^^^^^^^^^^^^^^^^^^^^^^^^
  File "/Users/mahdinaser/workspace/tsfm-bench/tsfm_bench/models/base.py", line 56, in run
    fc = self.forecast(train, horizon, seasonality)
         ^^^^^^^^^^^^^^^^^^^^^^^^^^^^^^^^^^^^^^^^^^
  File "/Users/mahdinaser/workspace/tsfm-bench/tsfm_bench/models/foundation.py", line 309, in forecast
    out = model.generate(xt, max_new_tokens=horizon, num_samples=self.num_samples)
          ^^^^^^^^^^^^^^^^^^^^^^^^^^^^^^^^^^^^^^^^^^^^^^^^^^^^^^^^^^^^^^^^^^^^^^^^
  File "/Users/mahdinaser/workspace/tsfm-bench/.venv/lib/python3.12/site-packages/torch/utils/_contextlib.py", line 120, in decorate_context
    return func(*args, **kwargs)
           ^^^^^^^^^^^^^^^^^^^^^
  File "/Users/mahdinaser/.cache/huggingface/modules/transformers_modules/thuml/sundial_hyphen_base_hyphen_128m/3212e42564493f520593e5414af4367fc4b49226/ts_generation_mixin.py", line 34, in generate
    outputs = super().generate(inputs=inputs, generation_config=generation_config, logits_processor=logits_processor, stopping_criteria=stopping_criteria, prefix_allowed_tokens_fn=prefix_allowed_tokens_fn, synced_gpus=synced_gpus, assistant_model=assistant_model, streamer=streamer, negative_prompt_ids=negative_prompt_ids, negative_prompt_attention_mask=negative_prompt_attention_mask, num_samples=num_samples, **kwargs)
              ^^^^^^^^^^^^^^^^^^^^^^^^^^^^^^^^^^^^^^^^^^^^^^^^^^^^^^^^^^^^^^^^^^^^^^^^^^^^^^^^^^^^^^^^^^^^^^^^^^^^^^^^^^^^^^^^^^^^^^^^^^^^^^^^^^^^^^^^^^^^^^^^^^^^^^^^^^^^^^^^^^^^^^^^^^^^^^^^^^^^^^^^^^^^^^^^^^^^^^^^^^^^^^^^^^^^^^^^^^^^^^^^^^^^^^^^^^^^^^^^^^^^^^^^^^^^^^^^^^^^^^^^^^^^^^^^^^^^^^^^^^^^^^^^^^^^^^^^^^^^^^^^^^^^^^^^^^^^^^^^^^^^^^^^^^^^^^^^^^^^^^^^^^^^^^^^^^^^^^^^^^^^^^^^^^^^^^^^^^^^^^^^^^^^^^^^^^^^^^^^^^^^^^^
  File "/Users/mahdinaser/workspace/tsfm-bench/.venv/lib/python3.12/site-packages/torch/utils/_contextlib.py", line 120, in decorate_context
    return func(*args, **kwargs)
           ^^^^^^^^^^^^^^^^^^^^^
  File "/Users/mahdinaser/workspace/tsfm-bench/.venv/lib/python3.12/site-packages/transformers/generation/utils.py", line 2566, in generate
    result = decoding_method(
             ^^^^^^^^^^^^^^^^
  File "/Users/mahdinaser/workspace/tsfm-bench/.venv/lib/python3.12/site-packages/transformers/generation/utils.py", line 2783, in _sample
    model_inputs = self.prepare_inputs_for_generation(input_ids, **model_kwargs)
                   ^^^^^^^^^^^^^^^^^^^^^^^^^^^^^^^^^^^^^^^^^^^^^^^^^^^^^^^^^^^^^
  File "/Users/mahdinaser/.cache/huggingface/modules/transformers_modules/thuml/sundial_hyphen_base_hyphen_128m/3212e42564493f520593e5414af4367fc4b49226/modeling_sundial.py", line 522, in prepare_inputs_for_generation
    max_cache_length = past_key_values.get_max_length()
                       ^^^^^^^^^^^^^^^^^^^^^^^^^^^^^^
AttributeError: 'DynamicCache' object has no attribute 'get_max_length'. Did you mean: 'get_seq_length'?
[run ] Sundial__tourism_yearly ...
  FAILED Sundial__tourism_yearly: AttributeError: 'DynamicCache' object has no attribute 'get_max_length'
Traceback (most recent call last):
  File "/Users/mahdinaser/workspace/tsfm-bench/run.py", line 93, in main
    fc = model.run(data.train, group.horizon, group.seasonality)
         ^^^^^^^^^^^^^^^^^^^^^^^^^^^^^^^^^^^^^^^^^^^^^^^^^^^^^^^
  File "/Users/mahdinaser/workspace/tsfm-bench/tsfm_bench/models/base.py", line 56, in run
    fc = self.forecast(train, horizon, seasonality)
         ^^^^^^^^^^^^^^^^^^^^^^^^^^^^^^^^^^^^^^^^^^
  File "/Users/mahdinaser/workspace/tsfm-bench/tsfm_bench/models/foundation.py", line 309, in forecast
    out = model.generate(xt, max_new_tokens=horizon, num_samples=self.num_samples)
          ^^^^^^^^^^^^^^^^^^^^^^^^^^^^^^^^^^^^^^^^^^^^^^^^^^^^^^^^^^^^^^^^^^^^^^^^
  File "/Users/mahdinaser/workspace/tsfm-bench/.venv/lib/python3.12/site-packages/torch/utils/_contextlib.py", line 120, in decorate_context
    return func(*args, **kwargs)
           ^^^^^^^^^^^^^^^^^^^^^
  File "/Users/mahdinaser/.cache/huggingface/modules/transformers_modules/thuml/sundial_hyphen_base_hyphen_128m/3212e42564493f520593e5414af4367fc4b49226/ts_generation_mixin.py", line 34, in generate
    outputs = super().generate(inputs=inputs, generation_config=generation_config, logits_processor=logits_processor, stopping_criteria=stopping_criteria, prefix_allowed_tokens_fn=prefix_allowed_tokens_fn, synced_gpus=synced_gpus, assistant_model=assistant_model, streamer=streamer, negative_prompt_ids=negative_prompt_ids, negative_prompt_attention_mask=negative_prompt_attention_mask, num_samples=num_samples, **kwargs)
              ^^^^^^^^^^^^^^^^^^^^^^^^^^^^^^^^^^^^^^^^^^^^^^^^^^^^^^^^^^^^^^^^^^^^^^^^^^^^^^^^^^^^^^^^^^^^^^^^^^^^^^^^^^^^^^^^^^^^^^^^^^^^^^^^^^^^^^^^^^^^^^^^^^^^^^^^^^^^^^^^^^^^^^^^^^^^^^^^^^^^^^^^^^^^^^^^^^^^^^^^^^^^^^^^^^^^^^^^^^^^^^^^^^^^^^^^^^^^^^^^^^^^^^^^^^^^^^^^^^^^^^^^^^^^^^^^^^^^^^^^^^^^^^^^^^^^^^^^^^^^^^^^^^^^^^^^^^^^^^^^^^^^^^^^^^^^^^^^^^^^^^^^^^^^^^^^^^^^^^^^^^^^^^^^^^^^^^^^^^^^^^^^^^^^^^^^^^^^^^^^^^^^^^^
  File "/Users/mahdinaser/workspace/tsfm-bench/.venv/lib/python3.12/site-packages/torch/utils/_contextlib.py", line 120, in decorate_context
    return func(*args, **kwargs)
           ^^^^^^^^^^^^^^^^^^^^^
  File "/Users/mahdinaser/workspace/tsfm-bench/.venv/lib/python3.12/site-packages/transformers/generation/utils.py", line 2566, in generate
    result = decoding_method(
             ^^^^^^^^^^^^^^^^
  File "/Users/mahdinaser/workspace/tsfm-bench/.venv/lib/python3.12/site-packages/transformers/generation/utils.py", line 2783, in _sample
    model_inputs = self.prepare_inputs_for_generation(input_ids, **model_kwargs)
                   ^^^^^^^^^^^^^^^^^^^^^^^^^^^^^^^^^^^^^^^^^^^^^^^^^^^^^^^^^^^^^
  File "/Users/mahdinaser/.cache/huggingface/modules/transformers_modules/thuml/sundial_hyphen_base_hyphen_128m/3212e42564493f520593e5414af4367fc4b49226/modeling_sundial.py", line 522, in prepare_inputs_for_generation
    max_cache_length = past_key_values.get_max_length()
                       ^^^^^^^^^^^^^^^^^^^^^^^^^^^^^^
AttributeError: 'DynamicCache' object has no attribute 'get_max_length'. Did you mean: 'get_seq_length'?

=== summary ===
           model          group  mase  smape   wql  coverage80  wall_seconds  load_seconds device    n_params
   SeasonalNaive       m3_other 3.089  6.302   NaN         NaN         0.000         0.000    cpu         NaN
   SeasonalNaive tourism_yearly 3.007 22.342   NaN         NaN         0.000         0.000    cpu         NaN
           Theta       m3_other 2.275  4.933 0.035       0.739        19.955         0.000    cpu         NaN
           Theta tourism_yearly 2.743 20.751 0.148       0.543         3.789         0.000    cpu         NaN
         AutoETS       m3_other 1.801  4.345 0.032       0.810         4.236         0.000    cpu         NaN
         AutoETS tourism_yearly 2.790 21.465 0.129       0.744         3.934         0.000    cpu         NaN
       AutoARIMA       m3_other 1.852  4.494 0.034       0.847         4.817         0.000    cpu         NaN
       AutoARIMA tourism_yearly 3.123 23.953 0.118       0.528         5.936         0.000    cpu         NaN
        LightGBM       m3_other 4.168  7.641   NaN         NaN         9.232         0.000    cpu         NaN
        LightGBM tourism_yearly 4.964 37.588   NaN         NaN         5.742         0.000    cpu         NaN
        TimesFM3       m3_other 1.981  4.584   NaN       0.704        38.344        30.864    mps 330710976.0
        TimesFM3 tourism_yearly 2.635 20.165   NaN       0.549         4.694         1.349    mps 330710976.0
            LSTM       m3_other 2.647  5.936 0.046       0.778        19.614         0.000    mps    216850.0
            LSTM tourism_yearly 4.060 29.803 0.298       0.750         6.415         0.000    mps    216850.0
          NBEATS       m3_other 1.898  4.642 0.035       0.803        17.544         0.000    mps   2522787.0
          NBEATS tourism_yearly 2.808 22.177 0.121       0.783         6.250         0.000    mps   2446587.0
ChronosBoltSmall       m3_other 2.098  4.817 0.035       0.835        10.638         6.133    mps  47718016.0
ChronosBoltSmall tourism_yearly 3.492 28.310 0.141       0.694         1.371         0.365    mps  47718016.0
 ChronosBoltBase       m3_other 2.100  4.864 0.034       0.846        22.500        19.753    mps 205292928.0
 ChronosBoltBase tourism_yearly 3.173 25.356 0.134       0.737         1.283         0.647    mps 205292928.0
        Chronos2       m3_other 1.947  4.507 0.033       0.761        16.879        13.480    mps 119477664.0
        Chronos2 tourism_yearly 3.219 25.073 0.129       0.725         1.764         0.589    mps 119477664.0
         TimesFM       m3_other 1.907  4.215 0.031       0.843         4.326         1.658    cpu 231289280.0
         TimesFM tourism_yearly 2.795 21.721 0.122       0.556         5.717         1.049    cpu 231289280.0
         Moirai2       m3_other 1.841  4.283 0.031       0.823         2.991         0.270    cpu  11387208.0
         Moirai2 tourism_yearly 2.986 23.297 0.131       0.655         0.497         0.196    cpu  11387208.0
=== done 2026-09-07T21:21:40Z ===
