=== smoke 2026-09-07T21:22:21Z ===
groups: m3_other tourism_yearly
models: SeasonalNaive Theta AutoETS AutoARIMA LightGBM LSTM NBEATS ChronosBoltSmall ChronosBoltBase Chronos2 TimesFM TimesFM3 Moirai2 Sundial
torch 2.9.1 mps True

##### SeasonalNaive
[run ] SeasonalNaive__m3_other ...
  MASE=3.0891 sMAPE=6.3016  [0.0s on cpu]
[run ] SeasonalNaive__tourism_yearly ...
  MASE=3.0068 sMAPE=22.3419  [0.0s on cpu]

##### Theta
[run ] Theta__m3_other ...
  MASE=2.2753 sMAPE=4.9326 WQL=0.0351 cov80=0.739  [4.5s on cpu]
[run ] Theta__tourism_yearly ...
  MASE=2.7429 sMAPE=20.7508 WQL=0.1476 cov80=0.543  [3.8s on cpu]

##### AutoETS
[run ] AutoETS__m3_other ...
  MASE=1.8015 sMAPE=4.3449 WQL=0.0320 cov80=0.810  [4.5s on cpu]
[run ] AutoETS__tourism_yearly ...
/Users/mahdinaser/workspace/tsfm-bench/.venv/lib/python3.12/site-packages/statsforecast/ets.py:781: RuntimeWarning: divide by zero encountered in scalar divide
  sigma2 = np.sum(e**2) / (ny - np_eff - 1)
/Users/mahdinaser/workspace/tsfm-bench/.venv/lib/python3.12/site-packages/statsforecast/ets.py:781: RuntimeWarning: divide by zero encountered in scalar divide
  sigma2 = np.sum(e**2) / (ny - np_eff - 1)
/Users/mahdinaser/workspace/tsfm-bench/.venv/lib/python3.12/site-packages/statsforecast/ets.py:781: RuntimeWarning: divide by zero encountered in scalar divide
  sigma2 = np.sum(e**2) / (ny - np_eff - 1)
/Users/mahdinaser/workspace/tsfm-bench/.venv/lib/python3.12/site-packages/statsforecast/ets.py:781: RuntimeWarning: divide by zero encountered in scalar divide
  sigma2 = np.sum(e**2) / (ny - np_eff - 1)
/Users/mahdinaser/workspace/tsfm-bench/.venv/lib/python3.12/site-packages/statsforecast/ets.py:781: RuntimeWarning: divide by zero encountered in scalar divide
  sigma2 = np.sum(e**2) / (ny - np_eff - 1)
/Users/mahdinaser/workspace/tsfm-bench/.venv/lib/python3.12/site-packages/statsforecast/ets.py:781: RuntimeWarning: divide by zero encountered in scalar divide
  sigma2 = np.sum(e**2) / (ny - np_eff - 1)
/Users/mahdinaser/workspace/tsfm-bench/.venv/lib/python3.12/site-packages/statsforecast/ets.py:781: RuntimeWarning: divide by zero encountered in scalar divide
  sigma2 = np.sum(e**2) / (ny - np_eff - 1)
  MASE=2.7900 sMAPE=21.4654 WQL=0.1290 cov80=0.744  [4.1s on cpu]

##### AutoARIMA
[run ] AutoARIMA__m3_other ...
  MASE=1.8524 sMAPE=4.4944 WQL=0.0341 cov80=0.847  [5.1s on cpu]
[run ] AutoARIMA__tourism_yearly ...
  MASE=3.1227 sMAPE=23.9528 WQL=0.1180 cov80=0.528  [5.8s on cpu]

##### LightGBM
[run ] LightGBM__m3_other ...
  MASE=4.1678 sMAPE=7.6410  [6.1s on cpu]
[run ] LightGBM__tourism_yearly ...
  MASE=4.9639 sMAPE=37.5877  [5.8s on cpu]

##### LSTM
[run ] LSTM__m3_other ...
  MASE=2.6465 sMAPE=5.9364 WQL=0.0460 cov80=0.778  [13.2s on mps]
[run ] LSTM__tourism_yearly ...
  MASE=4.0598 sMAPE=29.8029 WQL=0.2977 cov80=0.750  [6.4s on mps]

##### NBEATS
[run ] NBEATS__m3_other ...
`Trainer.fit` stopped: `max_steps=1000` reached.
  MASE=1.8983 sMAPE=4.6422 WQL=0.0351 cov80=0.803  [16.2s on mps]
[run ] NBEATS__tourism_yearly ...
  MASE=2.8079 sMAPE=22.1768 WQL=0.1211 cov80=0.783  [5.0s on mps]

##### ChronosBoltSmall
[run ] ChronosBoltSmall__m3_other ...
  MASE=2.0980 sMAPE=4.8174 WQL=0.0347 cov80=0.835  [3.3s on mps, load 1.0s]
[run ] ChronosBoltSmall__tourism_yearly ...
  MASE=3.4918 sMAPE=28.3100 WQL=0.1410 cov80=0.694  [0.9s on mps, load 0.5s]

##### ChronosBoltBase
[run ] ChronosBoltBase__m3_other ...
  MASE=2.1001 sMAPE=4.8644 WQL=0.0341 cov80=0.846  [4.0s on mps, load 1.9s]
[run ] ChronosBoltBase__tourism_yearly ...
  MASE=3.1726 sMAPE=25.3558 WQL=0.1340 cov80=0.737  [1.1s on mps, load 0.6s]

##### Chronos2
[run ] Chronos2__m3_other ...
  MASE=1.9473 sMAPE=4.5075 WQL=0.0330 cov80=0.761  [3.6s on mps, load 1.4s]
[run ] Chronos2__tourism_yearly ...
  MASE=3.2187 sMAPE=25.0733 WQL=0.1294 cov80=0.725  [1.3s on mps, load 0.6s]

##### TimesFM
[run ] TimesFM__m3_other ...
  MASE=1.9074 sMAPE=4.2146 WQL=0.0311 cov80=0.843  [4.1s on cpu, load 1.5s]
[run ] TimesFM__tourism_yearly ...
  MASE=2.7954 sMAPE=21.7210 WQL=0.1217 cov80=0.556  [6.0s on cpu, load 1.0s]

##### TimesFM3
[run ] TimesFM3__m3_other ...
  MASE=1.9647 sMAPE=4.4850 WQL=0.0323 cov80=0.755  [3.6s on mps, load 1.9s]
[run ] TimesFM3__tourism_yearly ...
  MASE=2.6145 sMAPE=19.9795 WQL=0.1111 cov80=0.567  [2.5s on mps, load 1.3s]

##### Moirai2
[run ] Moirai2__m3_other ...
  MASE=1.8411 sMAPE=4.2828 WQL=0.0306 cov80=0.823  [3.1s on cpu, load 0.3s]
[run ] Moirai2__tourism_yearly ...
  MASE=2.9864 sMAPE=23.2974 WQL=0.1305 cov80=0.655  [0.5s on cpu, load 0.2s]

##### Sundial
[run ] Sundial__m3_other ...
  FAILED Sundial__m3_other: RuntimeError: The size of tensor a (95) must match the size of tensor b (6) at non-singleton dimension 3
Traceback (most recent call last):
  File "/Users/mahdinaser/workspace/tsfm-bench/run.py", line 93, in main
    fc = model.run(data.train, group.horizon, group.seasonality)
         ^^^^^^^^^^^^^^^^^^^^^^^^^^^^^^^^^^^^^^^^^^^^^^^^^^^^^^^
  File "/Users/mahdinaser/workspace/tsfm-bench/tsfm_bench/models/base.py", line 56, in run
    fc = self.forecast(train, horizon, seasonality)
         ^^^^^^^^^^^^^^^^^^^^^^^^^^^^^^^^^^^^^^^^^^
  File "/Users/mahdinaser/workspace/tsfm-bench/tsfm_bench/models/foundation.py", line 313, in forecast
    out = model.generate(xt, max_new_tokens=horizon, num_samples=self.num_samples)
          ^^^^^^^^^^^^^^^^^^^^^^^^^^^^^^^^^^^^^^^^^^^^^^^^^^^^^^^^^^^^^^^^^^^^^^^^
  File "/Users/mahdinaser/workspace/tsfm-bench/.venv/lib/python3.12/site-packages/torch/utils/_contextlib.py", line 120, in decorate_context
    return func(*args, **kwargs)
           ^^^^^^^^^^^^^^^^^^^^^
  File "/Users/mahdinaser/.cache/huggingface/modules/transformers_modules/thuml/sundial_hyphen_base_hyphen_128m/3212e42564493f520593e5414af4367fc4b49226/ts_generation_mixin.py", line 34, in generate
    outputs = super().generate(inputs=inputs, generation_config=generation_config, logits_processor=logits_processor, stopping_criteria=stopping_criteria, prefix_allowed_tokens_fn=prefix_allowed_tokens_fn, synced_gpus=synced_gpus, assistant_model=assistant_model, streamer=streamer, negative_prompt_ids=negative_prompt_ids, negative_prompt_attention_mask=negative_prompt_attention_mask, num_samples=num_samples, **kwargs)
              ^^^^^^^^^^^^^^^^^^^^^^^^^^^^^^^^^^^^^^^^^^^^^^^^^^^^^^^^^^^^^^^^^^^^^^^^^^^^^^^^^^^^^^^^^^^^^^^^^^^^^^^^^^^^^^^^^^^^^^^^^^^^^^^^^^^^^^^^^^^^^^^^^^^^^^^^^^^^^^^^^^^^^^^^^^^^^^^^^^^^^^^^^^^^^^^^^^^^^^^^^^^^^^^^^^^^^^^^^^^^^^^^^^^^^^^^^^^^^^^^^^^^^^^^^^^^^^^^^^^^^^^^^^^^^^^^^^^^^^^^^^^^^^^^^^^^^^^^^^^^^^^^^^^^^^^^^^^^^^^^^^^^^^^^^^^^^^^^^^^^^^^^^^^^^^^^^^^^^^^^^^^^^^^^^^^^^^^^^^^^^^^^^^^^^^^^^^^^^^^^^^^^^^^
  File "/Users/mahdinaser/workspace/tsfm-bench/.venv/lib/python3.12/site-packages/torch/utils/_contextlib.py", line 120, in decorate_context
    return func(*args, **kwargs)
           ^^^^^^^^^^^^^^^^^^^^^
  File "/Users/mahdinaser/workspace/tsfm-bench/.venv/lib/python3.12/site-packages/transformers/generation/utils.py", line 2566, in generate
    result = decoding_method(
             ^^^^^^^^^^^^^^^^
  File "/Users/mahdinaser/workspace/tsfm-bench/.venv/lib/python3.12/site-packages/transformers/generation/utils.py", line 2786, in _sample
    outputs = self(**model_inputs, return_dict=True)
              ^^^^^^^^^^^^^^^^^^^^^^^^^^^^^^^^^^^^^^
  File "/Users/mahdinaser/workspace/tsfm-bench/.venv/lib/python3.12/site-packages/torch/nn/modules/module.py", line 1775, in _wrapped_call_impl
    return self._call_impl(*args, **kwargs)
           ^^^^^^^^^^^^^^^^^^^^^^^^^^^^^^^^
  File "/Users/mahdinaser/workspace/tsfm-bench/.venv/lib/python3.12/site-packages/torch/nn/modules/module.py", line 1786, in _call_impl
    return forward_call(*args, **kwargs)
           ^^^^^^^^^^^^^^^^^^^^^^^^^^^^^
  File "/Users/mahdinaser/.cache/huggingface/modules/transformers_modules/thuml/sundial_hyphen_base_hyphen_128m/3212e42564493f520593e5414af4367fc4b49226/modeling_sundial.py", line 443, in forward
    outputs = self.model(
              ^^^^^^^^^^^
  File "/Users/mahdinaser/workspace/tsfm-bench/.venv/lib/python3.12/site-packages/torch/nn/modules/module.py", line 1775, in _wrapped_call_impl
    return self._call_impl(*args, **kwargs)
           ^^^^^^^^^^^^^^^^^^^^^^^^^^^^^^^^
  File "/Users/mahdinaser/workspace/tsfm-bench/.venv/lib/python3.12/site-packages/torch/nn/modules/module.py", line 1786, in _call_impl
    return forward_call(*args, **kwargs)
           ^^^^^^^^^^^^^^^^^^^^^^^^^^^^^
  File "/Users/mahdinaser/.cache/huggingface/modules/transformers_modules/thuml/sundial_hyphen_base_hyphen_128m/3212e42564493f520593e5414af4367fc4b49226/modeling_sundial.py", line 327, in forward
    attention_mask = _prepare_4d_causal_attention_mask(
                     ^^^^^^^^^^^^^^^^^^^^^^^^^^^^^^^^^^
  File "/Users/mahdinaser/workspace/tsfm-bench/.venv/lib/python3.12/site-packages/transformers/modeling_attn_mask_utils.py", line 337, in _prepare_4d_causal_attention_mask
    attention_mask = attn_mask_converter.to_4d(
                     ^^^^^^^^^^^^^^^^^^^^^^^^^^
  File "/Users/mahdinaser/workspace/tsfm-bench/.venv/lib/python3.12/site-packages/transformers/modeling_attn_mask_utils.py", line 145, in to_4d
    expanded_attn_mask = causal_4d_mask.masked_fill(expanded_attn_mask.bool(), torch.finfo(dtype).min)
                         ^^^^^^^^^^^^^^^^^^^^^^^^^^^^^^^^^^^^^^^^^^^^^^^^^^^^^^^^^^^^^^^^^^^^^^^^^^^^^
RuntimeError: The size of tensor a (95) must match the size of tensor b (6) at non-singleton dimension 3
[run ] Sundial__tourism_yearly ...
  FAILED Sundial__tourism_yearly: RuntimeError: The size of tensor a (30) must match the size of tensor b (2) at non-singleton dimension 3
Traceback (most recent call last):
  File "/Users/mahdinaser/workspace/tsfm-bench/run.py", line 93, in main
    fc = model.run(data.train, group.horizon, group.seasonality)
         ^^^^^^^^^^^^^^^^^^^^^^^^^^^^^^^^^^^^^^^^^^^^^^^^^^^^^^^
  File "/Users/mahdinaser/workspace/tsfm-bench/tsfm_bench/models/base.py", line 56, in run
    fc = self.forecast(train, horizon, seasonality)
         ^^^^^^^^^^^^^^^^^^^^^^^^^^^^^^^^^^^^^^^^^^
  File "/Users/mahdinaser/workspace/tsfm-bench/tsfm_bench/models/foundation.py", line 313, in forecast
    out = model.generate(xt, max_new_tokens=horizon, num_samples=self.num_samples)
          ^^^^^^^^^^^^^^^^^^^^^^^^^^^^^^^^^^^^^^^^^^^^^^^^^^^^^^^^^^^^^^^^^^^^^^^^
  File "/Users/mahdinaser/workspace/tsfm-bench/.venv/lib/python3.12/site-packages/torch/utils/_contextlib.py", line 120, in decorate_context
    return func(*args, **kwargs)
           ^^^^^^^^^^^^^^^^^^^^^
  File "/Users/mahdinaser/.cache/huggingface/modules/transformers_modules/thuml/sundial_hyphen_base_hyphen_128m/3212e42564493f520593e5414af4367fc4b49226/ts_generation_mixin.py", line 34, in generate
    outputs = super().generate(inputs=inputs, generation_config=generation_config, logits_processor=logits_processor, stopping_criteria=stopping_criteria, prefix_allowed_tokens_fn=prefix_allowed_tokens_fn, synced_gpus=synced_gpus, assistant_model=assistant_model, streamer=streamer, negative_prompt_ids=negative_prompt_ids, negative_prompt_attention_mask=negative_prompt_attention_mask, num_samples=num_samples, **kwargs)
              ^^^^^^^^^^^^^^^^^^^^^^^^^^^^^^^^^^^^^^^^^^^^^^^^^^^^^^^^^^^^^^^^^^^^^^^^^^^^^^^^^^^^^^^^^^^^^^^^^^^^^^^^^^^^^^^^^^^^^^^^^^^^^^^^^^^^^^^^^^^^^^^^^^^^^^^^^^^^^^^^^^^^^^^^^^^^^^^^^^^^^^^^^^^^^^^^^^^^^^^^^^^^^^^^^^^^^^^^^^^^^^^^^^^^^^^^^^^^^^^^^^^^^^^^^^^^^^^^^^^^^^^^^^^^^^^^^^^^^^^^^^^^^^^^^^^^^^^^^^^^^^^^^^^^^^^^^^^^^^^^^^^^^^^^^^^^^^^^^^^^^^^^^^^^^^^^^^^^^^^^^^^^^^^^^^^^^^^^^^^^^^^^^^^^^^^^^^^^^^^^^^^^^^^
  File "/Users/mahdinaser/workspace/tsfm-bench/.venv/lib/python3.12/site-packages/torch/utils/_contextlib.py", line 120, in decorate_context
    return func(*args, **kwargs)
           ^^^^^^^^^^^^^^^^^^^^^
  File "/Users/mahdinaser/workspace/tsfm-bench/.venv/lib/python3.12/site-packages/transformers/generation/utils.py", line 2566, in generate
    result = decoding_method(
             ^^^^^^^^^^^^^^^^
  File "/Users/mahdinaser/workspace/tsfm-bench/.venv/lib/python3.12/site-packages/transformers/generation/utils.py", line 2786, in _sample
    outputs = self(**model_inputs, return_dict=True)
              ^^^^^^^^^^^^^^^^^^^^^^^^^^^^^^^^^^^^^^
  File "/Users/mahdinaser/workspace/tsfm-bench/.venv/lib/python3.12/site-packages/torch/nn/modules/module.py", line 1775, in _wrapped_call_impl
    return self._call_impl(*args, **kwargs)
           ^^^^^^^^^^^^^^^^^^^^^^^^^^^^^^^^
  File "/Users/mahdinaser/workspace/tsfm-bench/.venv/lib/python3.12/site-packages/torch/nn/modules/module.py", line 1786, in _call_impl
    return forward_call(*args, **kwargs)
           ^^^^^^^^^^^^^^^^^^^^^^^^^^^^^
  File "/Users/mahdinaser/.cache/huggingface/modules/transformers_modules/thuml/sundial_hyphen_base_hyphen_128m/3212e42564493f520593e5414af4367fc4b49226/modeling_sundial.py", line 443, in forward
    outputs = self.model(
              ^^^^^^^^^^^
  File "/Users/mahdinaser/workspace/tsfm-bench/.venv/lib/python3.12/site-packages/torch/nn/modules/module.py", line 1775, in _wrapped_call_impl
    return self._call_impl(*args, **kwargs)
           ^^^^^^^^^^^^^^^^^^^^^^^^^^^^^^^^
  File "/Users/mahdinaser/workspace/tsfm-bench/.venv/lib/python3.12/site-packages/torch/nn/modules/module.py", line 1786, in _call_impl
    return forward_call(*args, **kwargs)
           ^^^^^^^^^^^^^^^^^^^^^^^^^^^^^
  File "/Users/mahdinaser/.cache/huggingface/modules/transformers_modules/thuml/sundial_hyphen_base_hyphen_128m/3212e42564493f520593e5414af4367fc4b49226/modeling_sundial.py", line 327, in forward
    attention_mask = _prepare_4d_causal_attention_mask(
                     ^^^^^^^^^^^^^^^^^^^^^^^^^^^^^^^^^^
  File "/Users/mahdinaser/workspace/tsfm-bench/.venv/lib/python3.12/site-packages/transformers/modeling_attn_mask_utils.py", line 337, in _prepare_4d_causal_attention_mask
    attention_mask = attn_mask_converter.to_4d(
                     ^^^^^^^^^^^^^^^^^^^^^^^^^^
  File "/Users/mahdinaser/workspace/tsfm-bench/.venv/lib/python3.12/site-packages/transformers/modeling_attn_mask_utils.py", line 145, in to_4d
    expanded_attn_mask = causal_4d_mask.masked_fill(expanded_attn_mask.bool(), torch.finfo(dtype).min)
                         ^^^^^^^^^^^^^^^^^^^^^^^^^^^^^^^^^^^^^^^^^^^^^^^^^^^^^^^^^^^^^^^^^^^^^^^^^^^^^
RuntimeError: The size of tensor a (30) must match the size of tensor b (2) at non-singleton dimension 3

=== summary ===
           model          group  mase  smape   wql  coverage80  wall_seconds  load_seconds device    n_params
   SeasonalNaive       m3_other 3.089  6.302   NaN         NaN         0.000         0.000    cpu         NaN
   SeasonalNaive tourism_yearly 3.007 22.342   NaN         NaN         0.000         0.000    cpu         NaN
           Theta       m3_other 2.275  4.933 0.035       0.739         4.502         0.000    cpu         NaN
           Theta tourism_yearly 2.743 20.751 0.148       0.543         3.801         0.000    cpu         NaN
         AutoETS       m3_other 1.801  4.345 0.032       0.810         4.474         0.000    cpu         NaN
         AutoETS tourism_yearly 2.790 21.465 0.129       0.744         4.122         0.000    cpu         NaN
       AutoARIMA       m3_other 1.852  4.494 0.034       0.847         5.108         0.000    cpu         NaN
       AutoARIMA tourism_yearly 3.123 23.953 0.118       0.528         5.765         0.000    cpu         NaN
        LightGBM       m3_other 4.168  7.641   NaN         NaN         6.129         0.000    cpu         NaN
        LightGBM tourism_yearly 4.964 37.588   NaN         NaN         5.767         0.000    cpu         NaN
            LSTM       m3_other 2.647  5.936 0.046       0.778        13.193         0.000    mps    216850.0
            LSTM tourism_yearly 4.060 29.803 0.298       0.750         6.437         0.000    mps    216850.0
          NBEATS       m3_other 1.898  4.642 0.035       0.803        16.190         0.000    mps   2522787.0
          NBEATS tourism_yearly 2.808 22.177 0.121       0.783         5.048         0.000    mps   2446587.0
ChronosBoltSmall       m3_other 2.098  4.817 0.035       0.835         3.303         0.957    mps  47718016.0
ChronosBoltSmall tourism_yearly 3.492 28.310 0.141       0.694         0.942         0.472    mps  47718016.0
 ChronosBoltBase       m3_other 2.100  4.864 0.034       0.846         3.981         1.870    mps 205292928.0
 ChronosBoltBase tourism_yearly 3.173 25.356 0.134       0.737         1.133         0.646    mps 205292928.0
        Chronos2       m3_other 1.947  4.507 0.033       0.761         3.616         1.352    mps 119477664.0
        Chronos2 tourism_yearly 3.219 25.073 0.129       0.725         1.333         0.626    mps 119477664.0
         TimesFM       m3_other 1.907  4.215 0.031       0.843         4.085         1.497    cpu 231289280.0
         TimesFM tourism_yearly 2.795 21.721 0.122       0.556         5.956         0.996    cpu 231289280.0
        TimesFM3       m3_other 1.965  4.485 0.032       0.755         3.566         1.881    mps 330710976.0
        TimesFM3 tourism_yearly 2.615 19.979 0.111       0.567         2.468         1.270    mps 330710976.0
         Moirai2       m3_other 1.841  4.283 0.031       0.823         3.146         0.339    cpu  11387208.0
         Moirai2 tourism_yearly 2.986 23.297 0.131       0.655         0.542         0.234    cpu  11387208.0
=== done 2026-09-07T21:25:01Z ===
